(node:2889768) ExperimentalWarning: DecompressInterceptor is experimental and subject to change
(Use `node --trace-warnings ...` to show where the warning was created)

========================================================================================================================
⚠️ The current version of promptfoo 0.121.15 is lower than the latest available version 0.122.0.

Please run npx promptfoo@latest or npm install -g promptfoo@latest to update.
========================================================================================================================

Cache is disabled.
Starting evaluation eval-usG-2026-08-15T05:40:07
Running 50 test cases (up to 3 at a time)...

[90m┌──────────────────────────────[39m[90m┬──────────────────────────────[39m[90m┬──────────────────────────────[39m[90m┬──────────────────────────────┐[39m
[90m│[39m[1m[34m code                         [39m[22m[90m│[39m[1m[34m input                        [39m[22m[90m│[39m[1m[34m expected_output              [39m[22m[90m│[39m[1m[34m [gemma4 (no-think)] You are  [39m[22m[90m│[39m
[90m│[39m[1m[34m                              [39m[22m[90m│[39m[1m[34m                              [39m[22m[90m│[39m[1m[34m                              [39m[22m[90m│[39m[1m[34m given a Python function.     [39m[22m[90m│[39m
[90m│[39m[1m[34m                              [39m[22m[90m│[39m[1m[34m                              [39m[22m[90m│[39m[1m[34m                              [39m[22m[90m│[39m[1m[34m Determine what it returns    [39m[22m[90m│[39m
[90m│[39m[1m[34m                              [39m[22m[90m│[39m[1m[34m                              [39m[22m[90m│[39m[1m[34m                              [39m[22m[90m│[39m[1m[34m when called with the         [39m[22m[90m│[39m
[90m│[39m[1m[34m                              [39m[22m[90m│[39m[1m[34m                              [39m[22m[90m│[39m[1m[34m                              [39m[22m[90m│[39m[1m[34m provided input.              [39m[22m[90m│[39m
[90m│[39m[1m[34m                              [39m[22m[90m│[39m[1m[34m                              [39m[22m[90m│[39m[1m[34m                              [39m[22m[90m│[39m[1m[34m ```python                    [39m[22m[90m│[39m
[90m│[39m[1m[34m                              [39m[22m[90m│[39m[1m[34m                              [39m[22m[90m│[39m[1m[34m                              [39m[22m[90m│[39m[1m[34m {{code}}                     [39m[22m[90m│[39m
[90m│[39m[1m[34m                              [39m[22m[90m│[39m[1m[34m                              [39m[22m[90m│[39m[1m[34m                              [39m[22m[90m│[39m[1m[34m ```                          [39m[22m[90m│[39m
[90m│[39m[1m[34m                              [39m[22m[90m│[39m[1m[34m                              [39m[22m[90m│[39m[1m[34m                              [39m[22m[90m│[39m[1m[34m What does `{{input}}`        [39m[22m[90m│[39m
[90m│[39m[1m[34m                              [39m[22m[90m│[39m[1m[34m                              [39m[22m[90m│[39m[1m[34m                              [39m[22m[90m│[39m[1m[34m return?                      [39m[22m[90m│[39m
[90m│[39m[1m[34m                              [39m[22m[90m│[39m[1m[34m                              [39m[22m[90m│[39m[1m[34m                              [39m[22m[90m│[39m[1m[34m Respond with ONLY the Python [39m[22m[90m│[39m
[90m│[39m[1m[34m                              [39m[22m[90m│[39m[1m[34m                              [39m[22m[90m│[39m[1m[34m                              [39m[22m[90m│[39m[1m[34m literal return value — for   [39m[22m[90m│[39m
[90m│[39m[1m[34m                              [39m[22m[90m│[39m[1m[34m                              [39m[22m[90m│[39m[1m[34m                              [39m[22m[90m│[39m[1m[34m example: `42`, `'he...       [39m[22m[90m│[39m
[90m├──────────────────────────────[39m[90m┼──────────────────────────────[39m[90m┼──────────────────────────────[39m[90m┼──────────────────────────────┤[39m
[90m│[39m def f(st):                   [90m│[39m 'RTiGM'                      [90m│[39m 'mgItr'                      [90m│[39m [FAIL] 'mgtir'               [90m│[39m
[90m│[39m     swapped = ''             [90m│[39m                              [90m│[39m                              [90m│[39m                              [90m│[39m
[90m│[39m     for ch in reversed(st):  [90m│[39m                              [90m│[39m                              [90m│[39m                              [90m│[39m
[90m│[39m         swapped += ch.swapc… [90m│[39m                              [90m│[39m                              [90m│[39m                              [90m│[39m
[90m│[39m     return swapped           [90m│[39m                              [90m│[39m                              [90m│[39m                              [90m│[39m
[90m├──────────────────────────────[39m[90m┼──────────────────────────────[39m[90m┼──────────────────────────────[39m[90m┼──────────────────────────────┤[39m
[90m│[39m def f(text, space_symbol,    [90m│[39m 'w', '))', 7                 [90m│[39m 'w))))))))))))'              [90m│[39m [FAIL] 'w))))))'             [90m│[39m
[90m│[39m size):                       [90m│[39m                              [90m│[39m                              [90m│[39m                              [90m│[39m
[90m│[39m     spaces =                 [90m│[39m                              [90m│[39m                              [90m│[39m                              [90m│[39m
[90m│[39m ''.join(space_symbol for i   [90m│[39m                              [90m│[39m                              [90m│[39m                              [90m│[39m
[90m│[39m in range(size-len(text)))    [90m│[39m                              [90m│[39m                              [90m│[39m                              [90m│[39m
[90m│[39m     return text + spaces     [90m│[39m                              [90m│[39m                              [90m│[39m                              [90m│[39m
[90m├──────────────────────────────[39m[90m┼──────────────────────────────[39m[90m┼──────────────────────────────[39m[90m┼──────────────────────────────┤[39m
[90m│[39m def f(d):                    [90m│[39m {'a': 3, 'b': -1, 'c':       [90m│[39m {}                           [90m│[39m [PASS] {}                    [90m│[39m
[90m│[39m     d.clear()                [90m│[39m 'Dum'}                       [90m│[39m                              [90m│[39m                              [90m│[39m
[90m│[39m     return d                 [90m│[39m                              [90m│[39m                              [90m│[39m                              [90m│[39m
[90m├──────────────────────────────[39m[90m┼──────────────────────────────[39m[90m┼──────────────────────────────[39m[90m┼──────────────────────────────┤[39m
[90m│[39m def f(text, m, n):           [90m│[39m "abcdefgabc", 1, 2           [90m│[39m 'bagfedcacbagfedc'           [90m│[39m [FAIL] 'bcabcabc'            [90m│[39m
[90m│[39m     text = "{}{}{}".format(… [90m│[39m                              [90m│[39m                              [90m│[39m                              [90m│[39m
[90m│[39m text[:m], text[n:])          [90m│[39m                              [90m│[39m                              [90m│[39m                              [90m│[39m
[90m│[39m     result = ""              [90m│[39m                              [90m│[39m                              [90m│[39m                              [90m│[39m
[90m│[39m     for i in range(n,        [90m│[39m                              [90m│[39m                              [90m│[39m                              [90m│[39m
[90m│[39m len(text)-m):                [90m│[39m                              [90m│[39m                              [90m│[39m                              [90m│[39m
[90m│[39m         result = text[i] + … [90m│[39m                              [90m│[39m                              [90m│[39m                              [90m│[39m
[90m│[39m     return result            [90m│[39m                              [90m│[39m                              [90m│[39m                              [90m│[39m
[90m├──────────────────────────────[39m[90m┼──────────────────────────────[39m[90m┼──────────────────────────────[39m[90m┼──────────────────────────────┤[39m
[90m│[39m def f(array, target):        [90m│[39m [1, 2, -1, 4], 2             [90m│[39m 1                            [90m│[39m [FAIL] 2                     [90m│[39m
[90m│[39m     count, i = 0, 1          [90m│[39m                              [90m│[39m                              [90m│[39m                              [90m│[39m
[90m│[39m     for j in range(1,        [90m│[39m                              [90m│[39m                              [90m│[39m                              [90m│[39m
[90m│[39m len(array)):                 [90m│[39m                              [90m│[39m                              [90m│[39m                              [90m│[39m
[90m│[39m         if ((array[j] > arr… [90m│[39m                              [90m│[39m                              [90m│[39m                              [90m│[39m
[90m│[39m and (array[j] <= target)):   [90m│[39m                              [90m│[39m                              [90m│[39m                              [90m│[39m
[90m│[39m count += i                   [90m│[39m                              [90m│[39m                              [90m│[39m                              [90m│[39m
[90m│[39m         elif array[j] <= ar… [90m│[39m                              [90m│[39m                              [90m│[39m                              [90m│[39m
[90m│[39m i = 1                        [90m│[39m                              [90m│[39m                              [90m│[39m                              [90m│[39m
[90m│[39m         else: i += 1         [90m│[39m                              [90m│[39m                              [90m│[39m                              [90m│[39m
[90m│[39m     return count             [90m│[39m                              [90m│[39m                              [90m│[39m                              [90m│[39m
[90m├──────────────────────────────[39m[90m┼──────────────────────────────[39m[90m┼──────────────────────────────[39m[90m┼──────────────────────────────┤[39m
[90m│[39m def f(text):                 [90m│[39m "54882"                      [90m│[39m False                        [90m│[39m [PASS] False                 [90m│[39m
[90m│[39m     if text.islower():       [90m│[39m                              [90m│[39m                              [90m│[39m                              [90m│[39m
[90m│[39m         return True          [90m│[39m                              [90m│[39m                              [90m│[39m                              [90m│[39m
[90m│[39m     return False             [90m│[39m                              [90m│[39m                              [90m│[39m                              [90m│[39m
[90m├──────────────────────────────[39m[90m┼──────────────────────────────[39m[90m┼──────────────────────────────[39m[90m┼──────────────────────────────┤[39m
[90m│[39m def f(text, splitter):       [90m│[39m 'LlTHH sAfLAPkPhtsWP', '#'   [90m│[39m 'llthh#saflapkphtswp'        [90m│[39m [PASS] 'llthh#saflapkphtswp' [90m│[39m
[90m│[39m     return                   [90m│[39m                              [90m│[39m                              [90m│[39m                              [90m│[39m
[90m│[39m splitter.join(text.lower().… [90m│[39m                              [90m│[39m                              [90m│[39m                              [90m│[39m
[90m├──────────────────────────────[39m[90m┼──────────────────────────────[39m[90m┼──────────────────────────────[39m[90m┼──────────────────────────────┤[39m
[90m│[39m def f(ls, n):                [90m│[39m [[1, 9, 4], [83, 0, 5], [9,  [90m│[39m [1,9,4]                      [90m│[39m [PASS] [1, 9, 4]             [90m│[39m
[90m│[39m     answer = 0               [90m│[39m 6, 100]], 1                  [90m│[39m                              [90m│[39m                              [90m│[39m
[90m│[39m     for i in ls:             [90m│[39m                              [90m│[39m                              [90m│[39m                              [90m│[39m
[90m│[39m         if i[0] == n:        [90m│[39m                              [90m│[39m                              [90m│[39m                              [90m│[39m
[90m│[39m             answer = i       [90m│[39m                              [90m│[39m                              [90m│[39m                              [90m│[39m
[90m│[39m     return answer            [90m│[39m                              [90m│[39m                              [90m│[39m                              [90m│[39m
[90m├──────────────────────────────[39m[90m┼──────────────────────────────[39m[90m┼──────────────────────────────[39m[90m┼──────────────────────────────┤[39m
[90m│[39m def f(text):                 [90m│[39m 'wlace A'                    [90m│[39m 'wlace Alc l  '              [90m│[39m [FAIL] 'wlace A' + 'lace A'  [90m│[39m
[90m│[39m     count = len(text)        [90m│[39m                              [90m│[39m                              [90m│[39m + 'ace A' + 'ce A' + 'e A' + [90m│[39m
[90m│[39m     for i in range(-count+1… [90m│[39m                              [90m│[39m                              [90m│[39m ' A' + 'A' (Wait, let's      [90m│[39m
[90m│[39m         text = text + text[… [90m│[39m                              [90m│[39m                              [90m│[39m trace carefully)             [90m│[39m
[90m│[39m     return text              [90m│[39m                              [90m│[39m                              [90m│[39m Input: `text = 'wlace A'`    [90m│[39m
[90m│[39m                              [90m│[39m                              [90m│[39m                              [90m│[39m `count = 7`                  [90m│[39m
[90m│[39m                              [90m│[39m                              [90m│[39m                              [90m│[39m `range(-6, 0)` -> `i` takes  [90m│[39m
[90m│[39m                              [90m│[39m                              [90m│[39m                              [90m│[39m values `-6, -5, -4, -3, -2,  [90m│[39m
[90m│[39m                              [90m│[39m                              [90m│[39m                              [90m│[39m -1`                          [90m│[39m
[90m│[39m                              [90m│[39m                              [90m│[39m                              [90m│[39m 1. `i = -6`: `text = 'wlace  [90m│[39m
[90m│[39m                              [90m│[39m                              [90m│[39m                              [90m│[39m A' + text[-6]` ('l') ->      [90m│[39m
[90m│[39m                              [90m│[39m                              [90m│[39m                              [90m│[39m `'wl...                      [90m│[39m
[90m├──────────────────────────────[39m[90m┼──────────────────────────────[39m[90m┼──────────────────────────────[39m[90m┼──────────────────────────────┤[39m
[90m│[39m def f(dic):                  [90m│[39m {}                           [90m│[39m {}                           [90m│[39m [PASS] `{}`                  [90m│[39m
[90m│[39m     d = {}                   [90m│[39m                              [90m│[39m                              [90m│[39m                              [90m│[39m
[90m│[39m     for key in dic:          [90m│[39m                              [90m│[39m                              [90m│[39m                              [90m│[39m
[90m│[39m         d[key] = dic.popite… [90m│[39m                              [90m│[39m                              [90m│[39m                              [90m│[39m
[90m│[39m False)[1]                    [90m│[39m                              [90m│[39m                              [90m│[39m                              [90m│[39m
[90m│[39m     return d                 [90m│[39m                              [90m│[39m                              [90m│[39m                              [90m│[39m
[90m├──────────────────────────────[39m[90m┼──────────────────────────────[39m[90m┼──────────────────────────────[39m[90m┼──────────────────────────────┤[39m
[90m│[39m def f(text, prefix):         [90m│[39m 'bestest', 'bestest'         [90m│[39m ''                           [90m│[39m [PASS] `''`                  [90m│[39m
[90m│[39m     idx = 0                  [90m│[39m                              [90m│[39m                              [90m│[39m                              [90m│[39m
[90m│[39m     for letter in prefix:    [90m│[39m                              [90m│[39m                              [90m│[39m                              [90m│[39m
[90m│[39m         if text[idx] != let… [90m│[39m                              [90m│[39m                              [90m│[39m                              [90m│[39m
[90m│[39m             return None      [90m│[39m                              [90m│[39m                              [90m│[39m                              [90m│[39m
[90m│[39m         idx += 1             [90m│[39m                              [90m│[39m                              [90m│[39m                              [90m│[39m
[90m│[39m     return text[idx:]        [90m│[39m                              [90m│[39m                              [90m│[39m                              [90m│[39m
[90m├──────────────────────────────[39m[90m┼──────────────────────────────[39m[90m┼──────────────────────────────[39m[90m┼──────────────────────────────┤[39m
[90m│[39m def f(dictionary):           [90m│[39m {563: 555, 133: None}        [90m│[39m {563: 555, 133: None}        [90m│[39m [PASS] {563: 555, 133: None} [90m│[39m
[90m│[39m     return dictionary.copy() [90m│[39m                              [90m│[39m                              [90m│[39m                              [90m│[39m
[90m├──────────────────────────────[39m[90m┼──────────────────────────────[39m[90m┼──────────────────────────────[39m[90m┼──────────────────────────────┤[39m
[90m│[39m def f(nums):                 [90m│[39m [-1,-3,-5,-7,0]              [90m│[39m -5                           [90m│[39m [PASS] -5                    [90m│[39m
[90m│[39m     return nums[len(nums)//… [90m│[39m                              [90m│[39m                              [90m│[39m                              [90m│[39m
[90m├──────────────────────────────[39m[90m┼──────────────────────────────[39m[90m┼──────────────────────────────[39m[90m┼──────────────────────────────┤[39m
[90m│[39m def f(nums, rmvalue):        [90m│[39m [6, 2, 1, 1, 4, 1], 5        [90m│[39m [6,2,1,1,4,1]                [90m│[39m [PASS] [6, 2, 1, 1, 4, 1]    [90m│[39m
[90m│[39m     res = nums[:]            [90m│[39m                              [90m│[39m                              [90m│[39m                              [90m│[39m
[90m│[39m     while rmvalue in res:    [90m│[39m                              [90m│[39m                              [90m│[39m                              [90m│[39m
[90m│[39m         popped =             [90m│[39m                              [90m│[39m                              [90m│[39m                              [90m│[39m
[90m│[39m res.pop(res.index(rmvalue))  [90m│[39m                              [90m│[39m                              [90m│[39m                              [90m│[39m
[90m│[39m         if popped != rmvalu… [90m│[39m                              [90m│[39m                              [90m│[39m                              [90m│[39m
[90m│[39m             res.append(popp… [90m│[39m                              [90m│[39m                              [90m│[39m                              [90m│[39m
[90m│[39m     return res               [90m│[39m                              [90m│[39m                              [90m│[39m                              [90m│[39m
[90m├──────────────────────────────[39m[90m┼──────────────────────────────[39m[90m┼──────────────────────────────[39m[90m┼──────────────────────────────┤[39m
[90m│[39m def f(total, arg):           [90m│[39m [1, 2, 3], 'nammo'           [90m│[39m [1, 2, 3, 'n', 'a', 'm',     [90m│[39m [PASS] `[1, 2, 3, 'n', 'a',  [90m│[39m
[90m│[39m     if type(arg) is list:    [90m│[39m                              [90m│[39m 'm', 'o']                    [90m│[39m 'm', 'm', 'o']`              [90m│[39m
[90m│[39m         for e in arg:        [90m│[39m                              [90m│[39m                              [90m│[39m                              [90m│[39m
[90m│[39m             total.extend(e)  [90m│[39m                              [90m│[39m                              [90m│[39m                              [90m│[39m
[90m│[39m     else:                    [90m│[39m                              [90m│[39m                              [90m│[39m                              [90m│[39m
[90m│[39m         total.extend(arg)    [90m│[39m                              [90m│[39m                              [90m│[39m                              [90m│[39m
[90m│[39m     return total             [90m│[39m                              [90m│[39m                              [90m│[39m                              [90m│[39m
[90m├──────────────────────────────[39m[90m┼──────────────────────────────[39m[90m┼──────────────────────────────[39m[90m┼──────────────────────────────┤[39m
[90m│[39m def f(d):                    [90m│[39m {5: 1, 'abc': 2, 'defghi':   [90m│[39m [(87.29, 3), ('defghi', 2),  [90m│[39m [PASS] [(87.29, 3),          [90m│[39m
[90m│[39m     result = []              [90m│[39m 2, 87.29: 3}                 [90m│[39m ('abc', 2), (5, 1)]          [90m│[39m ('defghi', 2), ('abc', 2),   [90m│[39m
[90m│[39m     while len(d.keys()) > 0: [90m│[39m                              [90m│[39m                              [90m│[39m (5, 1)]                      [90m│[39m
[90m│[39m         result.append(d.pop… [90m│[39m                              [90m│[39m                              [90m│[39m                              [90m│[39m
[90m│[39m     return result            [90m│[39m                              [90m│[39m                              [90m│[39m                              [90m│[39m
[90m├──────────────────────────────[39m[90m┼──────────────────────────────[39m[90m┼──────────────────────────────[39m[90m┼──────────────────────────────┤[39m
[90m│[39m def f(length, text):         [90m│[39m -5, 'G5ogb6f,c7e.EMm'        [90m│[39m False                        [90m│[39m [PASS] `False`               [90m│[39m
[90m│[39m     if len(text) == length:  [90m│[39m                              [90m│[39m                              [90m│[39m                              [90m│[39m
[90m│[39m         return text[::-1]    [90m│[39m                              [90m│[39m                              [90m│[39m                              [90m│[39m
[90m│[39m     return False             [90m│[39m                              [90m│[39m                              [90m│[39m                              [90m│[39m
[90m├──────────────────────────────[39m[90m┼──────────────────────────────[39m[90m┼──────────────────────────────[39m[90m┼──────────────────────────────┤[39m
[90m│[39m def f(arr, d):               [90m│[39m ['b', 'vzjmc', 'f', 'ae',    [90m│[39m {'vzjmc': 'b', 'ae': 'f'}    [90m│[39m [PASS] {'vzjmc': 'b', 'ae':  [90m│[39m
[90m│[39m     for i in range(1, len(a… [90m│[39m '0'], dict()                 [90m│[39m                              [90m│[39m 'f'}                         [90m│[39m
[90m│[39m 2):                          [90m│[39m                              [90m│[39m                              [90m│[39m                              [90m│[39m
[90m│[39m         d.update({arr[i]: a… [90m│[39m                              [90m│[39m                              [90m│[39m                              [90m│[39m
[90m│[39m     return d                 [90m│[39m                              [90m│[39m                              [90m│[39m                              [90m│[39m
[90m├──────────────────────────────[39m[90m┼──────────────────────────────[39m[90m┼──────────────────────────────[39m[90m┼──────────────────────────────┤[39m
[90m│[39m def f(text):                 [90m│[39m 'SzHjifnzog'                 [90m│[39m 'SzHjifnzo'                  [90m│[39m [FAIL] 'SzH'                 [90m│[39m
[90m│[39m     for i in range(len(text… [90m│[39m                              [90m│[39m                              [90m│[39m                              [90m│[39m
[90m│[39m 0, -1):                      [90m│[39m                              [90m│[39m                              [90m│[39m                              [90m│[39m
[90m│[39m         if not text[i].isup… [90m│[39m                              [90m│[39m                              [90m│[39m                              [90m│[39m
[90m│[39m             return text[0:i] [90m│[39m                              [90m│[39m                              [90m│[39m                              [90m│[39m
[90m│[39m     return ''                [90m│[39m                              [90m│[39m                              [90m│[39m                              [90m│[39m
[90m├──────────────────────────────[39m[90m┼──────────────────────────────[39m[90m┼──────────────────────────────[39m[90m┼──────────────────────────────┤[39m
[90m│[39m def f(nums, mos):            [90m│[39m [3, 1, 2, 1, 4, 1], [1]      [90m│[39m False                        [90m│[39m [FAIL] True                  [90m│[39m
[90m│[39m     for num in mos:          [90m│[39m                              [90m│[39m                              [90m│[39m                              [90m│[39m
[90m│[39m         nums.pop(nums.index… [90m│[39m                              [90m│[39m                              [90m│[39m                              [90m│[39m
[90m│[39m     nums.sort()              [90m│[39m                              [90m│[39m                              [90m│[39m                              [90m│[39m
[90m│[39m     for num in mos:          [90m│[39m                              [90m│[39m                              [90m│[39m                              [90m│[39m
[90m│[39m         nums += [num]        [90m│[39m                              [90m│[39m                              [90m│[39m                              [90m│[39m
[90m│[39m     for i in range(len(nums… [90m│[39m                              [90m│[39m                              [90m│[39m                              [90m│[39m
[90m│[39m         if nums[i] > nums[i… [90m│[39m                              [90m│[39m                              [90m│[39m                              [90m│[39m
[90m│[39m             return False     [90m│[39m                              [90m│[39m                              [90m│[39m                              [90m│[39m
[90m│[39m     return True              [90m│[39m                              [90m│[39m                              [90m│[39m                              [90m│[39m
[90m├──────────────────────────────[39m[90m┼──────────────────────────────[39m[90m┼──────────────────────────────[39m[90m┼──────────────────────────────┤[39m
[90m│[39m def f(simpons):              [90m│[39m ['George', 'Michael',        [90m│[39m 'Costanza'                   [90m│[39m [PASS] 'Costanza'            [90m│[39m
[90m│[39m     while simpons:           [90m│[39m 'George', 'Costanza']        [90m│[39m                              [90m│[39m                              [90m│[39m
[90m│[39m         pop = simpons.pop()  [90m│[39m                              [90m│[39m                              [90m│[39m                              [90m│[39m
[90m│[39m         if pop == pop.title… [90m│[39m                              [90m│[39m                              [90m│[39m                              [90m│[39m
[90m│[39m             return pop       [90m│[39m                              [90m│[39m                              [90m│[39m                              [90m│[39m
[90m│[39m     return pop               [90m│[39m                              [90m│[39m                              [90m│[39m                              [90m│[39m
[90m├──────────────────────────────[39m[90m┼──────────────────────────────[39m[90m┼──────────────────────────────[39m[90m┼──────────────────────────────┤[39m
[90m│[39m def f(body):                 [90m│[39m '\n\ny\n'                    [90m│[39m '[\n][\n][y]\n'              [90m│[39m [FAIL] `'\n\n[y]\n'`         [90m│[39m
[90m│[39m     ls = list(body)          [90m│[39m                              [90m│[39m                              [90m│[39m                              [90m│[39m
[90m│[39m     dist = 0                 [90m│[39m                              [90m│[39m                              [90m│[39m                              [90m│[39m
[90m│[39m     for i in range(0, len(l… [90m│[39m                              [90m│[39m                              [90m│[39m                              [90m│[39m
[90m│[39m 1):                          [90m│[39m                              [90m│[39m                              [90m│[39m                              [90m│[39m
[90m│[39m         if ls[i - 2 if i - … [90m│[39m                              [90m│[39m                              [90m│[39m                              [90m│[39m
[90m│[39m else 0] == '\t':             [90m│[39m                              [90m│[39m                              [90m│[39m                              [90m│[39m
[90m│[39m             dist += (1 + ls… [90m│[39m                              [90m│[39m                              [90m│[39m                              [90m│[39m
[90m│[39m 1].count('\t')) * 3          [90m│[39m                              [90m│[39m                              [90m│[39m                              [90m│[39m
[90m│[39m         ls[i] = '[' + ls[i]… [90m│[39m                              [90m│[39m                              [90m│[39m                              [90m│[39m
[90m│[39m     return ''.join(ls).expa… [90m│[39m                              [90m│[39m                              [90m│[39m                              [90m│[39m
[90m├──────────────────────────────[39m[90m┼──────────────────────────────[39m[90m┼──────────────────────────────[39m[90m┼──────────────────────────────┤[39m
[90m│[39m def f(match, fill, n):       [90m│[39m '9', '8', 2                  [90m│[39m '89'                         [90m│[39m [PASS] '89'                  [90m│[39m
[90m│[39m     return fill[:n] + match  [90m│[39m                              [90m│[39m                              [90m│[39m                              [90m│[39m
[90m├──────────────────────────────[39m[90m┼──────────────────────────────[39m[90m┼──────────────────────────────[39m[90m┼──────────────────────────────┤[39m
[90m│[39m def f(s, from_c, to_c):      [90m│[39m 'aphid', 'i', '?'            [90m│[39m 'aph?d'                      [90m│[39m [PASS] 'aph?d'               [90m│[39m
[90m│[39m     table = s.maketrans(fro… [90m│[39m                              [90m│[39m                              [90m│[39m                              [90m│[39m
[90m│[39m to_c)                        [90m│[39m                              [90m│[39m                              [90m│[39m                              [90m│[39m
[90m│[39m     return s.translate(tabl… [90m│[39m                              [90m│[39m                              [90m│[39m                              [90m│[39m
[90m├──────────────────────────────[39m[90m┼──────────────────────────────[39m[90m┼──────────────────────────────[39m[90m┼──────────────────────────────┤[39m
[90m│[39m def f(chars):                [90m│[39m "acbced"                     [90m│[39m 'aCbCed'                     [90m│[39m [FAIL] 'aCCEd'               [90m│[39m
[90m│[39m     s = ""                   [90m│[39m                              [90m│[39m                              [90m│[39m                              [90m│[39m
[90m│[39m     for ch in chars:         [90m│[39m                              [90m│[39m                              [90m│[39m                              [90m│[39m
[90m│[39m         if chars.count(ch) … [90m│[39m                              [90m│[39m                              [90m│[39m                              [90m│[39m
[90m│[39m             s += ch.upper()  [90m│[39m                              [90m│[39m                              [90m│[39m                              [90m│[39m
[90m│[39m         else:                [90m│[39m                              [90m│[39m                              [90m│[39m                              [90m│[39m
[90m│[39m             s += ch          [90m│[39m                              [90m│[39m                              [90m│[39m                              [90m│[39m
[90m│[39m     return s                 [90m│[39m                              [90m│[39m                              [90m│[39m                              [90m│[39m
[90m└──────────────────────────────[39m[90m┴──────────────────────────────[39m[90m┴──────────────────────────────[39m[90m┴──────────────────────────────┘[39m
... 9 more rows not shown ...

✓ Eval complete (ID: eval-usG-2026-08-15T05:40:07)

» View results: promptfoo view
» Share with your team: https://promptfoo.app
» Feedback: https://promptfoo.dev/feedback

Total Tokens: 8,757
  Eval: 8,757 (7,288 prompt, 1,469 completion)

Results:
  ✓ 35 passed (70.00%)
  ✗ 15 failed (30.00%)
  0 errors (0%)
Duration: 26s (concurrency: 3)

Writing output to results/crux-gemma-nothink-retuned.json
