(node:2889758) ExperimentalWarning: DecompressInterceptor is experimental and subject to change
(Use `node --trace-warnings ...` to show where the warning was created)

========================================================================================================================
⚠️ The current version of promptfoo 0.121.15 is lower than the latest available version 0.122.0.

Please run npx promptfoo@latest or npm install -g promptfoo@latest to update.
========================================================================================================================

Cache is disabled.
Starting evaluation eval-UTR-2026-08-15T05:40:07
Running 50 test cases (up to 3 at a time)...

[90m┌──────────────────────────────[39m[90m┬──────────────────────────────[39m[90m┬──────────────────────────────[39m[90m┬──────────────────────────────┐[39m
[90m│[39m[1m[34m code                         [39m[22m[90m│[39m[1m[34m input                        [39m[22m[90m│[39m[1m[34m expected_output              [39m[22m[90m│[39m[1m[34m [gemma4 (reasoning=high)]    [39m[22m[90m│[39m
[90m│[39m[1m[34m                              [39m[22m[90m│[39m[1m[34m                              [39m[22m[90m│[39m[1m[34m                              [39m[22m[90m│[39m[1m[34m You are given a Python       [39m[22m[90m│[39m
[90m│[39m[1m[34m                              [39m[22m[90m│[39m[1m[34m                              [39m[22m[90m│[39m[1m[34m                              [39m[22m[90m│[39m[1m[34m function. Determine what it  [39m[22m[90m│[39m
[90m│[39m[1m[34m                              [39m[22m[90m│[39m[1m[34m                              [39m[22m[90m│[39m[1m[34m                              [39m[22m[90m│[39m[1m[34m returns when called with the [39m[22m[90m│[39m
[90m│[39m[1m[34m                              [39m[22m[90m│[39m[1m[34m                              [39m[22m[90m│[39m[1m[34m                              [39m[22m[90m│[39m[1m[34m provided input.              [39m[22m[90m│[39m
[90m│[39m[1m[34m                              [39m[22m[90m│[39m[1m[34m                              [39m[22m[90m│[39m[1m[34m                              [39m[22m[90m│[39m[1m[34m ```python                    [39m[22m[90m│[39m
[90m│[39m[1m[34m                              [39m[22m[90m│[39m[1m[34m                              [39m[22m[90m│[39m[1m[34m                              [39m[22m[90m│[39m[1m[34m {{code}}                     [39m[22m[90m│[39m
[90m│[39m[1m[34m                              [39m[22m[90m│[39m[1m[34m                              [39m[22m[90m│[39m[1m[34m                              [39m[22m[90m│[39m[1m[34m ```                          [39m[22m[90m│[39m
[90m│[39m[1m[34m                              [39m[22m[90m│[39m[1m[34m                              [39m[22m[90m│[39m[1m[34m                              [39m[22m[90m│[39m[1m[34m What does `{{input}}`        [39m[22m[90m│[39m
[90m│[39m[1m[34m                              [39m[22m[90m│[39m[1m[34m                              [39m[22m[90m│[39m[1m[34m                              [39m[22m[90m│[39m[1m[34m return?                      [39m[22m[90m│[39m
[90m│[39m[1m[34m                              [39m[22m[90m│[39m[1m[34m                              [39m[22m[90m│[39m[1m[34m                              [39m[22m[90m│[39m[1m[34m Respond with ONLY the Python [39m[22m[90m│[39m
[90m│[39m[1m[34m                              [39m[22m[90m│[39m[1m[34m                              [39m[22m[90m│[39m[1m[34m                              [39m[22m[90m│[39m[1m[34m literal return value — for   [39m[22m[90m│[39m
[90m│[39m[1m[34m                              [39m[22m[90m│[39m[1m[34m                              [39m[22m[90m│[39m[1m[34m                              [39m[22m[90m│[39m[1m[34m example: `42`...             [39m[22m[90m│[39m
[90m├──────────────────────────────[39m[90m┼──────────────────────────────[39m[90m┼──────────────────────────────[39m[90m┼──────────────────────────────┤[39m
[90m│[39m def f(w):                    [90m│[39m 'flak'                       [90m│[39m False                        [90m│[39m [PASS] False                 [90m│[39m
[90m│[39m     ls = list(w)             [90m│[39m                              [90m│[39m                              [90m│[39m                              [90m│[39m
[90m│[39m     omw = ''                 [90m│[39m                              [90m│[39m                              [90m│[39m                              [90m│[39m
[90m│[39m     while len(ls) > 0:       [90m│[39m                              [90m│[39m                              [90m│[39m                              [90m│[39m
[90m│[39m         omw += ls.pop(0)     [90m│[39m                              [90m│[39m                              [90m│[39m                              [90m│[39m
[90m│[39m         if len(ls) * 2 > le… [90m│[39m                              [90m│[39m                              [90m│[39m                              [90m│[39m
[90m│[39m             return w[len(ls… [90m│[39m                              [90m│[39m                              [90m│[39m                              [90m│[39m
[90m│[39m     return False             [90m│[39m                              [90m│[39m                              [90m│[39m                              [90m│[39m
[90m├──────────────────────────────[39m[90m┼──────────────────────────────[39m[90m┼──────────────────────────────[39m[90m┼──────────────────────────────┤[39m
[90m│[39m def f(text, sep):            [90m│[39m "a-.-.b", "-."               [90m│[39m ['a', '', 'b']               [90m│[39m [FAIL] ['a', '.', '.b']      [90m│[39m
[90m│[39m     return text.rsplit(sep,  [90m│[39m                              [90m│[39m                              [90m│[39m                              [90m│[39m
[90m│[39m maxsplit=2)                  [90m│[39m                              [90m│[39m                              [90m│[39m                              [90m│[39m
[90m├──────────────────────────────[39m[90m┼──────────────────────────────[39m[90m┼──────────────────────────────[39m[90m┼──────────────────────────────┤[39m
[90m│[39m def f(x):                    [90m│[39m 'ykdfhp'                     [90m│[39m 'ykdfhp'                     [90m│[39m [PASS] 'ykdfhp'              [90m│[39m
[90m│[39m     if x.islower():          [90m│[39m                              [90m│[39m                              [90m│[39m                              [90m│[39m
[90m│[39m         return x             [90m│[39m                              [90m│[39m                              [90m│[39m                              [90m│[39m
[90m│[39m     else:                    [90m│[39m                              [90m│[39m                              [90m│[39m                              [90m│[39m
[90m│[39m         return x[::-1]       [90m│[39m                              [90m│[39m                              [90m│[39m                              [90m│[39m
[90m├──────────────────────────────[39m[90m┼──────────────────────────────[39m[90m┼──────────────────────────────[39m[90m┼──────────────────────────────┤[39m
[90m│[39m def f(st):                   [90m│[39m 'RTiGM'                      [90m│[39m 'mgItr'                      [90m│[39m [FAIL] `'mgiTr'`             [90m│[39m
[90m│[39m     swapped = ''             [90m│[39m                              [90m│[39m                              [90m│[39m                              [90m│[39m
[90m│[39m     for ch in reversed(st):  [90m│[39m                              [90m│[39m                              [90m│[39m                              [90m│[39m
[90m│[39m         swapped += ch.swapc… [90m│[39m                              [90m│[39m                              [90m│[39m                              [90m│[39m
[90m│[39m     return swapped           [90m│[39m                              [90m│[39m                              [90m│[39m                              [90m│[39m
[90m├──────────────────────────────[39m[90m┼──────────────────────────────[39m[90m┼──────────────────────────────[39m[90m┼──────────────────────────────┤[39m
[90m│[39m def f(text, splitter):       [90m│[39m 'LlTHH sAfLAPkPhtsWP', '#'   [90m│[39m 'llthh#saflapkphtswp'        [90m│[39m [PASS] 'llthh#saflapkphtswp' [90m│[39m
[90m│[39m     return                   [90m│[39m                              [90m│[39m                              [90m│[39m                              [90m│[39m
[90m│[39m splitter.join(text.lower().… [90m│[39m                              [90m│[39m                              [90m│[39m                              [90m│[39m
[90m├──────────────────────────────[39m[90m┼──────────────────────────────[39m[90m┼──────────────────────────────[39m[90m┼──────────────────────────────┤[39m
[90m│[39m def f(ls, n):                [90m│[39m [[1, 9, 4], [83, 0, 5], [9,  [90m│[39m [1,9,4]                      [90m│[39m [FAIL] [9, 6, 100]           [90m│[39m
[90m│[39m     answer = 0               [90m│[39m 6, 100]], 1                  [90m│[39m                              [90m│[39m                              [90m│[39m
[90m│[39m     for i in ls:             [90m│[39m                              [90m│[39m                              [90m│[39m                              [90m│[39m
[90m│[39m         if i[0] == n:        [90m│[39m                              [90m│[39m                              [90m│[39m                              [90m│[39m
[90m│[39m             answer = i       [90m│[39m                              [90m│[39m                              [90m│[39m                              [90m│[39m
[90m│[39m     return answer            [90m│[39m                              [90m│[39m                              [90m│[39m                              [90m│[39m
[90m├──────────────────────────────[39m[90m┼──────────────────────────────[39m[90m┼──────────────────────────────[39m[90m┼──────────────────────────────┤[39m
[90m│[39m def f(list, operation):      [90m│[39m [6, 4, 2, 8, 15], (lambda x: [90m│[39m [6,4,2,8,15]                 [90m│[39m [PASS] [6, 4, 2, 8, 15]      [90m│[39m
[90m│[39m     new_list = list[:]       [90m│[39m x.reverse())                 [90m│[39m                              [90m│[39m                              [90m│[39m
[90m│[39m     new_list.sort()          [90m│[39m                              [90m│[39m                              [90m│[39m                              [90m│[39m
[90m│[39m     operation(new_list)      [90m│[39m                              [90m│[39m                              [90m│[39m                              [90m│[39m
[90m│[39m     return list              [90m│[39m                              [90m│[39m                              [90m│[39m                              [90m│[39m
[90m├──────────────────────────────[39m[90m┼──────────────────────────────[39m[90m┼──────────────────────────────[39m[90m┼──────────────────────────────┤[39m
[90m│[39m def f(dictionary):           [90m│[39m {563: 555, 133: None}        [90m│[39m {563: 555, 133: None}        [90m│[39m [PASS] {563: 555, 133: None} [90m│[39m
[90m│[39m     return dictionary.copy() [90m│[39m                              [90m│[39m                              [90m│[39m                              [90m│[39m
[90m├──────────────────────────────[39m[90m┼──────────────────────────────[39m[90m┼──────────────────────────────[39m[90m┼──────────────────────────────┤[39m
[90m│[39m def f(nums):                 [90m│[39m [-1,-3,-5,-7,0]              [90m│[39m -5                           [90m│[39m [PASS] -5                    [90m│[39m
[90m│[39m     return nums[len(nums)//… [90m│[39m                              [90m│[39m                              [90m│[39m                              [90m│[39m
[90m├──────────────────────────────[39m[90m┼──────────────────────────────[39m[90m┼──────────────────────────────[39m[90m┼──────────────────────────────┤[39m
[90m│[39m def f(d):                    [90m│[39m {5: 1, 'abc': 2, 'defghi':   [90m│[39m [(87.29, 3), ('defghi', 2),  [90m│[39m [PASS] [(87.29, 3),          [90m│[39m
[90m│[39m     result = []              [90m│[39m 2, 87.29: 3}                 [90m│[39m ('abc', 2), (5, 1)]          [90m│[39m ('defghi', 2), ('abc', 2),   [90m│[39m
[90m│[39m     while len(d.keys()) > 0: [90m│[39m                              [90m│[39m                              [90m│[39m (5, 1)]                      [90m│[39m
[90m│[39m         result.append(d.pop… [90m│[39m                              [90m│[39m                              [90m│[39m                              [90m│[39m
[90m│[39m     return result            [90m│[39m                              [90m│[39m                              [90m│[39m                              [90m│[39m
[90m├──────────────────────────────[39m[90m┼──────────────────────────────[39m[90m┼──────────────────────────────[39m[90m┼──────────────────────────────┤[39m
[90m│[39m def f(arr, d):               [90m│[39m ['b', 'vzjmc', 'f', 'ae',    [90m│[39m {'vzjmc': 'b', 'ae': 'f'}    [90m│[39m [PASS] {'vzjmc': 'b', 'ae':  [90m│[39m
[90m│[39m     for i in range(1, len(a… [90m│[39m '0'], dict()                 [90m│[39m                              [90m│[39m 'f'}                         [90m│[39m
[90m│[39m 2):                          [90m│[39m                              [90m│[39m                              [90m│[39m                              [90m│[39m
[90m│[39m         d.update({arr[i]: a… [90m│[39m                              [90m│[39m                              [90m│[39m                              [90m│[39m
[90m│[39m     return d                 [90m│[39m                              [90m│[39m                              [90m│[39m                              [90m│[39m
[90m├──────────────────────────────[39m[90m┼──────────────────────────────[39m[90m┼──────────────────────────────[39m[90m┼──────────────────────────────┤[39m
[90m│[39m def f(text):                 [90m│[39m 'SzHjifnzog'                 [90m│[39m 'SzHjifnzo'                  [90m│[39m [FAIL] 'S'                   [90m│[39m
[90m│[39m     for i in range(len(text… [90m│[39m                              [90m│[39m                              [90m│[39m                              [90m│[39m
[90m│[39m 0, -1):                      [90m│[39m                              [90m│[39m                              [90m│[39m                              [90m│[39m
[90m│[39m         if not text[i].isup… [90m│[39m                              [90m│[39m                              [90m│[39m                              [90m│[39m
[90m│[39m             return text[0:i] [90m│[39m                              [90m│[39m                              [90m│[39m                              [90m│[39m
[90m│[39m     return ''                [90m│[39m                              [90m│[39m                              [90m│[39m                              [90m│[39m
[90m├──────────────────────────────[39m[90m┼──────────────────────────────[39m[90m┼──────────────────────────────[39m[90m┼──────────────────────────────┤[39m
[90m│[39m def f(nums, mos):            [90m│[39m [3, 1, 2, 1, 4, 1], [1]      [90m│[39m False                        [90m│[39m [FAIL] True                  [90m│[39m
[90m│[39m     for num in mos:          [90m│[39m                              [90m│[39m                              [90m│[39m                              [90m│[39m
[90m│[39m         nums.pop(nums.index… [90m│[39m                              [90m│[39m                              [90m│[39m                              [90m│[39m
[90m│[39m     nums.sort()              [90m│[39m                              [90m│[39m                              [90m│[39m                              [90m│[39m
[90m│[39m     for num in mos:          [90m│[39m                              [90m│[39m                              [90m│[39m                              [90m│[39m
[90m│[39m         nums += [num]        [90m│[39m                              [90m│[39m                              [90m│[39m                              [90m│[39m
[90m│[39m     for i in range(len(nums… [90m│[39m                              [90m│[39m                              [90m│[39m                              [90m│[39m
[90m│[39m         if nums[i] > nums[i… [90m│[39m                              [90m│[39m                              [90m│[39m                              [90m│[39m
[90m│[39m             return False     [90m│[39m                              [90m│[39m                              [90m│[39m                              [90m│[39m
[90m│[39m     return True              [90m│[39m                              [90m│[39m                              [90m│[39m                              [90m│[39m
[90m├──────────────────────────────[39m[90m┼──────────────────────────────[39m[90m┼──────────────────────────────[39m[90m┼──────────────────────────────┤[39m
[90m│[39m def f(simpons):              [90m│[39m ['George', 'Michael',        [90m│[39m 'Costanza'                   [90m│[39m [PASS] 'Costanza'            [90m│[39m
[90m│[39m     while simpons:           [90m│[39m 'George', 'Costanza']        [90m│[39m                              [90m│[39m                              [90m│[39m
[90m│[39m         pop = simpons.pop()  [90m│[39m                              [90m│[39m                              [90m│[39m                              [90m│[39m
[90m│[39m         if pop == pop.title… [90m│[39m                              [90m│[39m                              [90m│[39m                              [90m│[39m
[90m│[39m             return pop       [90m│[39m                              [90m│[39m                              [90m│[39m                              [90m│[39m
[90m│[39m     return pop               [90m│[39m                              [90m│[39m                              [90m│[39m                              [90m│[39m
[90m├──────────────────────────────[39m[90m┼──────────────────────────────[39m[90m┼──────────────────────────────[39m[90m┼──────────────────────────────┤[39m
[90m│[39m def f(sentences):            [90m│[39m 'not numbers'                [90m│[39m 'not oscillating'            [90m│[39m [PASS] 'not oscillating'     [90m│[39m
[90m│[39m     if all([sentence.isdeci… [90m│[39m                              [90m│[39m                              [90m│[39m                              [90m│[39m
[90m│[39m for sentence in              [90m│[39m                              [90m│[39m                              [90m│[39m                              [90m│[39m
[90m│[39m sentences.split('.')]):      [90m│[39m                              [90m│[39m                              [90m│[39m                              [90m│[39m
[90m│[39m         return 'oscillating… [90m│[39m                              [90m│[39m                              [90m│[39m                              [90m│[39m
[90m│[39m     else:                    [90m│[39m                              [90m│[39m                              [90m│[39m                              [90m│[39m
[90m│[39m         return 'not oscilla… [90m│[39m                              [90m│[39m                              [90m│[39m                              [90m│[39m
[90m├──────────────────────────────[39m[90m┼──────────────────────────────[39m[90m┼──────────────────────────────[39m[90m┼──────────────────────────────┤[39m
[90m│[39m def f(text, start):          [90m│[39m "Hello world", "Hello"       [90m│[39m True                         [90m│[39m [PASS] True                  [90m│[39m
[90m│[39m     return                   [90m│[39m                              [90m│[39m                              [90m│[39m                              [90m│[39m
[90m│[39m text.startswith(start)       [90m│[39m                              [90m│[39m                              [90m│[39m                              [90m│[39m
[90m├──────────────────────────────[39m[90m┼──────────────────────────────[39m[90m┼──────────────────────────────[39m[90m┼──────────────────────────────┤[39m
[90m│[39m def f(body):                 [90m│[39m '\n\ny\n'                    [90m│[39m '[\n][\n][y]\n'              [90m│[39m [FAIL] `'\n\ny\n'`           [90m│[39m
[90m│[39m     ls = list(body)          [90m│[39m                              [90m│[39m                              [90m│[39m                              [90m│[39m
[90m│[39m     dist = 0                 [90m│[39m                              [90m│[39m                              [90m│[39m                              [90m│[39m
[90m│[39m     for i in range(0, len(l… [90m│[39m                              [90m│[39m                              [90m│[39m                              [90m│[39m
[90m│[39m 1):                          [90m│[39m                              [90m│[39m                              [90m│[39m                              [90m│[39m
[90m│[39m         if ls[i - 2 if i - … [90m│[39m                              [90m│[39m                              [90m│[39m                              [90m│[39m
[90m│[39m else 0] == '\t':             [90m│[39m                              [90m│[39m                              [90m│[39m                              [90m│[39m
[90m│[39m             dist += (1 + ls… [90m│[39m                              [90m│[39m                              [90m│[39m                              [90m│[39m
[90m│[39m 1].count('\t')) * 3          [90m│[39m                              [90m│[39m                              [90m│[39m                              [90m│[39m
[90m│[39m         ls[i] = '[' + ls[i]… [90m│[39m                              [90m│[39m                              [90m│[39m                              [90m│[39m
[90m│[39m     return ''.join(ls).expa… [90m│[39m                              [90m│[39m                              [90m│[39m                              [90m│[39m
[90m├──────────────────────────────[39m[90m┼──────────────────────────────[39m[90m┼──────────────────────────────[39m[90m┼──────────────────────────────┤[39m
[90m│[39m def f(match, fill, n):       [90m│[39m '9', '8', 2                  [90m│[39m '89'                         [90m│[39m [PASS] '89'                  [90m│[39m
[90m│[39m     return fill[:n] + match  [90m│[39m                              [90m│[39m                              [90m│[39m                              [90m│[39m
[90m├──────────────────────────────[39m[90m┼──────────────────────────────[39m[90m┼──────────────────────────────[39m[90m┼──────────────────────────────┤[39m
[90m│[39m def f(s, from_c, to_c):      [90m│[39m 'aphid', 'i', '?'            [90m│[39m 'aph?d'                      [90m│[39m [PASS] 'aph?d'               [90m│[39m
[90m│[39m     table = s.maketrans(fro… [90m│[39m                              [90m│[39m                              [90m│[39m                              [90m│[39m
[90m│[39m to_c)                        [90m│[39m                              [90m│[39m                              [90m│[39m                              [90m│[39m
[90m│[39m     return s.translate(tabl… [90m│[39m                              [90m│[39m                              [90m│[39m                              [90m│[39m
[90m├──────────────────────────────[39m[90m┼──────────────────────────────[39m[90m┼──────────────────────────────[39m[90m┼──────────────────────────────┤[39m
[90m│[39m def f(chars):                [90m│[39m "acbced"                     [90m│[39m 'aCbCed'                     [90m│[39m [FAIL] 'acbced'              [90m│[39m
[90m│[39m     s = ""                   [90m│[39m                              [90m│[39m                              [90m│[39m                              [90m│[39m
[90m│[39m     for ch in chars:         [90m│[39m                              [90m│[39m                              [90m│[39m                              [90m│[39m
[90m│[39m         if chars.count(ch) … [90m│[39m                              [90m│[39m                              [90m│[39m                              [90m│[39m
[90m│[39m             s += ch.upper()  [90m│[39m                              [90m│[39m                              [90m│[39m                              [90m│[39m
[90m│[39m         else:                [90m│[39m                              [90m│[39m                              [90m│[39m                              [90m│[39m
[90m│[39m             s += ch          [90m│[39m                              [90m│[39m                              [90m│[39m                              [90m│[39m
[90m│[39m     return s                 [90m│[39m                              [90m│[39m                              [90m│[39m                              [90m│[39m
[90m├──────────────────────────────[39m[90m┼──────────────────────────────[39m[90m┼──────────────────────────────[39m[90m┼──────────────────────────────┤[39m
[90m│[39m def f(array):                [90m│[39m []                           [90m│[39m []                           [90m│[39m [PASS] []                    [90m│[39m
[90m│[39m     a = []                   [90m│[39m                              [90m│[39m                              [90m│[39m                              [90m│[39m
[90m│[39m     array.reverse()          [90m│[39m                              [90m│[39m                              [90m│[39m                              [90m│[39m
[90m│[39m     for i in range(len(arra… [90m│[39m                              [90m│[39m                              [90m│[39m                              [90m│[39m
[90m│[39m         if array[i] != 0:    [90m│[39m                              [90m│[39m                              [90m│[39m                              [90m│[39m
[90m│[39m             a.append(array[… [90m│[39m                              [90m│[39m                              [90m│[39m                              [90m│[39m
[90m│[39m     a.reverse()              [90m│[39m                              [90m│[39m                              [90m│[39m                              [90m│[39m
[90m│[39m     return a                 [90m│[39m                              [90m│[39m                              [90m│[39m                              [90m│[39m
[90m├──────────────────────────────[39m[90m┼──────────────────────────────[39m[90m┼──────────────────────────────[39m[90m┼──────────────────────────────┤[39m
[90m│[39m def f(array):                [90m│[39m [3,-2,0]                     [90m│[39m []                           [90m│[39m [PASS] []                    [90m│[39m
[90m│[39m     array.reverse()          [90m│[39m                              [90m│[39m                              [90m│[39m                              [90m│[39m
[90m│[39m     array.clear()            [90m│[39m                              [90m│[39m                              [90m│[39m                              [90m│[39m
[90m│[39m     array.extend('x'*len(ar… [90m│[39m                              [90m│[39m                              [90m│[39m                              [90m│[39m
[90m│[39m     array.reverse()          [90m│[39m                              [90m│[39m                              [90m│[39m                              [90m│[39m
[90m│[39m     return array             [90m│[39m                              [90m│[39m                              [90m│[39m                              [90m│[39m
[90m├──────────────────────────────[39m[90m┼──────────────────────────────[39m[90m┼──────────────────────────────[39m[90m┼──────────────────────────────┤[39m
[90m│[39m def f(text):                 [90m│[39m 'ThisIsSoAtrocious'          [90m│[39m '0ThisIsSoAtrocious'         [90m│[39m [PASS] '0ThisIsSoAtrocious'  [90m│[39m
[90m│[39m     t = text                 [90m│[39m                              [90m│[39m                              [90m│[39m                              [90m│[39m
[90m│[39m     for i in text:           [90m│[39m                              [90m│[39m                              [90m│[39m                              [90m│[39m
[90m│[39m         text = text.replace… [90m│[39m                              [90m│[39m                              [90m│[39m                              [90m│[39m
[90m│[39m     return str(len(text)) +… [90m│[39m                              [90m│[39m                              [90m│[39m                              [90m│[39m
[90m├──────────────────────────────[39m[90m┼──────────────────────────────[39m[90m┼──────────────────────────────[39m[90m┼──────────────────────────────┤[39m
[90m│[39m def f(text):                 [90m│[39m 'n'                          [90m│[39m 'n'                          [90m│[39m [PASS] `'n'`                 [90m│[39m
[90m│[39m     length = len(text) // 2  [90m│[39m                              [90m│[39m                              [90m│[39m                              [90m│[39m
[90m│[39m     left_half = text[:lengt… [90m│[39m                              [90m│[39m                              [90m│[39m                              [90m│[39m
[90m│[39m     right_half =             [90m│[39m                              [90m│[39m                              [90m│[39m                              [90m│[39m
[90m│[39m text[length:][::-1]          [90m│[39m                              [90m│[39m                              [90m│[39m                              [90m│[39m
[90m│[39m     return left_half +       [90m│[39m                              [90m│[39m                              [90m│[39m                              [90m│[39m
[90m│[39m right_half                   [90m│[39m                              [90m│[39m                              [90m│[39m                              [90m│[39m
[90m├──────────────────────────────[39m[90m┼──────────────────────────────[39m[90m┼──────────────────────────────[39m[90m┼──────────────────────────────┤[39m
[90m│[39m def f(nums):                 [90m│[39m ['1', '2', '2', '44', '0',   [90m│[39m ['2', '2', '44', '0', '7',   [90m│[39m [FAIL] ['01', '02', '02',    [90m│[39m
[90m│[39m     nums =                   [90m│[39m '7', '20257']                [90m│[39m '20257']                     [90m│[39m '044', '00', '07', '020257'] [90m│[39m
[90m│[39m ['{0:{fill}>{width}}'.forma… [90m│[39m                              [90m│[39m                              [90m│[39m                              [90m│[39m
[90m│[39m **{'fill': '0', 'width':     [90m│[39m                              [90m│[39m                              [90m│[39m                              [90m│[39m
[90m│[39m nums[0]}) for val in         [90m│[39m                              [90m│[39m                              [90m│[39m                              [90m│[39m
[90m│[39m nums[1:]]                    [90m│[39m                              [90m│[39m                              [90m│[39m                              [90m│[39m
[90m│[39m     return [str(val) for va… [90m│[39m                              [90m│[39m                              [90m│[39m                              [90m│[39m
[90m│[39m nums]                        [90m│[39m                              [90m│[39m                              [90m│[39m                              [90m│[39m
[90m└──────────────────────────────[39m[90m┴──────────────────────────────[39m[90m┴──────────────────────────────[39m[90m┴──────────────────────────────┘[39m
... 4 more rows not shown ...

✓ Eval complete (ID: eval-UTR-2026-08-15T05:40:07)

» View results: promptfoo view
» Share with your team: https://promptfoo.app
» Feedback: https://promptfoo.dev/feedback

Total Tokens: 7,728
  Eval: 7,728 (7,288 prompt, 440 completion)

Results:
  ✓ 35 passed (70.00%)
  ✗ 15 failed (30.00%)
  0 errors (0%)
Duration: 15s (concurrency: 3)

Writing output to results/crux-gemma-high-retuned.json
